[1] https://trac-ai.iastate.edu/
[2] https://trac-ai.iastate.edu/2023/08/22/updated-website/news/
[3] https://trac-ai.iastate.edu/2023/08/22/trac-mini-courses/events/
[4] https://trac-ai.iastate.edu/2024/01/16/trac-events-for-spring-2024/news/
[5] https://trac-ai.iastate.edu/2024/02/13/trac-a-part-of-the-nist-us-ai-safety-institute-consortium/uncategorized/
[6] https://trac-ai.iastate.edu/2024/03/26/experience-ai-innovation-first-hand-at-trac-day/uncategorized/
[7] https://trac-ai.iastate.edu/2025/04/09/engineers-using-digital-twins-to-improve-agriculture-health-manufacturing-and-more/uncategorized/
[8] https://trac-ai.iastate.edu/2025/08/25/trainings-by-trac-fall-2025/events/
[9] https://trac-ai.iastate.edu/2026/01/13/future-opportunities-undergraduate-research-assistant/opportunities/
[10] https://trac-ai.iastate.edu/2026/01/15/trac-advisory-council/uncategorized/
[11] https://trac-ai.iastate.edu/2026/09/04/trac-fall-2026-micro-credential-courses/events/
[12] https://trac-ai.iastate.edu/about/
[13] https://trac-ai.iastate.edu/about/leadership/
[14] https://trac-ai.iastate.edu/about/faculty-experts/
[15] https://trac-ai.iastate.edu/research/
[16] https://trac-ai.iastate.edu/research/research-thrusts/
[17] https://trac-ai.iastate.edu/research/research-products/publications/
[18] https://trac-ai.iastate.edu/research/research-products/theses/
[19] https://trac-ai.iastate.edu/about/industry-partners/
[20] https://trac-ai.iastate.edu/member-resources_old/compute-resources/
[21] https://trac-ai.iastate.edu/member-resources_old/post-award-resources/
[22] https://trac-ai.iastate.edu/member-resources_old/pre-award-resources/
[23] https://trac-ai.iastate.edu/events/weekly-seminars/
[24] https://trac-ai.iastate.edu/services/
[25] https://trac-ai.iastate.edu/contact-us/
[26] https://trac-ai.iastate.edu/contact-us-2/
[27] https://trac-ai.iastate.edu/about/opportunities/
[28] https://trac-ai.iastate.edu/member-resources_old/technical-resources/
[29] https://trac-ai.iastate.edu/research/research-thrusts/ai-core/
[30] https://trac-ai.iastate.edu/research/research-thrusts/materials-design-manufacturing/
[31] https://trac-ai.iastate.edu/research/research-thrusts/biology-health-quality-of-life/
[32] https://trac-ai.iastate.edu/research/research-thrusts/autonomy/
[33] https://trac-ai.iastate.edu/research/research-thrusts/food-energy-water/
[34] https://trac-ai.iastate.edu/research/research-thrusts/ethics-fairness-adoption/
[35] https://trac-ai.iastate.edu/research/research-thrusts/fintech/
[36] https://trac-ai.iastate.edu/research/projects/
[37] https://trac-ai.iastate.edu/services/smart-annotation-and-etl-project/
[38] https://trac-ai.iastate.edu/services/proof-of-concept-projects/
[39] https://trac-ai.iastate.edu/services/industry-bootcamps/
[40] https://trac-ai.iastate.edu/services/hands-on-internship/
[41] https://trac-ai.iastate.edu/events/
[42] https://trac-ai.iastate.edu/events/locations/
[43] https://trac-ai.iastate.edu/events/categories/
[44] https://trac-ai.iastate.edu/events/tags/
[45] https://trac-ai.iastate.edu/about/opportunities/trac-postdoctoral-fellowships/
[46] https://trac-ai.iastate.edu/about/opportunities/fast-trac-student-assistantship/
[47] https://trac-ai.iastate.edu/education/reu/
[48] https://trac-ai.iastate.edu/education/reu/application/
[49] https://trac-ai.iastate.edu/education/
[50] https://trac-ai.iastate.edu/education/trac-micro-credential-courses/
[51] https://trac-ai.iastate.edu/trac-advisory-council/
[52] https://trac-ai.iastate.edu/member-resources/
[53] https://trac-ai.iastate.edu/research/projects/federal-funded-projects/
[54] https://trac-ai.iastate.edu/research/projects/seed-fund-projects/
[55] https://trac-ai.iastate.edu/fast-trac/projects/
[56] https://trac-ai.iastate.edu/fast-trac/
[57] https://trac-ai.iastate.edu/events/multimodal-ai-models/
[58] https://trac-ai.iastate.edu/profiles/jessica/
[59] https://trac-ai.iastate.edu/profiles/melissa/
[60] https://trac-ai.iastate.edu/profiles/zaki/
[61] https://trac-ai.iastate.edu/profiles/zhanhong-jiang/
[62] https://trac-ai.iastate.edu/profiles/1185-2/
[63] https://trac-ai.iastate.edu/profiles/nicole/
[64] https://trac-ai.iastate.edu/profiles/joshua-waite/
[65] https://trac-ai.iastate.edu/event/interpretability-in-ai-2/
[66] https://trac-ai.iastate.edu/event/trac-seminar-series-serina-chang-virtual/
[67] https://trac-ai.iastate.edu/event/trac-seminar-series-edward-linton-in-person/
[68] https://trac-ai.iastate.edu/event/trac-seminar-series-ping-he-in-person/
[69] https://trac-ai.iastate.edu/event/trac-seminar-series-virtual-daniel-schiff/
[70] https://trac-ai.iastate.edu/event/mlops-machine-learning-operations/
[71] https://trac-ai.iastate.edu/event/3d-vision-nerfs-and-inrs-2/
[72] https://trac-ai.iastate.edu/category/uncategorized/
[73] https://trac-ai.iastate.edu/category/opportunities/
[74] https://trac-ai.iastate.edu/category/events/
[75] https://trac-ai.iastate.edu/category/news/
[76] https://trac-ai.iastate.edu/category/updates/
[77] https://trac-ai.iastate.edu/category/opportunities/undergraduate-research-assistant-future-opportunities-undergraduate-research-assistant/
[78] https://trac-ai.iastate.edu/events/category/tutorials/
[79] https://trac-ai.iastate.edu/events/category/seminars/
[80] https://trac-ai.iastate.edu/events/category/journalclub/
[81] https://trac-ai.iastate.edu/events/category/workshops/
[82] https://trac-ai.iastate.edu/events/category/courses/
[83] https://trac-ai.iastate.edu/events/category/hackathons/
[84] https://trac-ai.iastate.edu/author/baditya/
[85] https://trac-ai.iastate.edu/author/jmpbell/
[86] https://trac-ai.iastate.edu/author/jrwaite/
[87] https://trac-ai.iastate.edu/author/nhayungs/
[88] https://trac-ai.iastate.edu/author/zhjiang/
[89] https://trac-ai.iastate.edu/author/znjubery/
[90] https://trac-ai.iastate.edu/profiles/
[91] https://trac-ai.iastate.edu/event/dlrg-mini-course-basic-shell-scripting-and-python-programming/
[92] https://trac-ai.iastate.edu/event/dlrg-mini-course-fundamentals-of-gpu-computing-1/
[93] https://trac-ai.iastate.edu/event/dlrg-mini-course-gpu-computing-with-numba-python-1/
[94] https://trac-ai.iastate.edu/event/dlrg-mini-course-data-parallel-deep-learning-using-multiple-gpus-1/
[95] https://trac-ai.iastate.edu/event/dlrg-mini-course-building-transformers-models-for-conversational-ai-tools-1/
[96] https://trac-ai.iastate.edu/event/adlrg-mini-course-computer-vision-self-supervised-learning-1/
[97] https://trac-ai.iastate.edu/event/adlrg-mini-course-nlp-101-1/
[98] https://trac-ai.iastate.edu/event/adlrg-mini-course-3d-vision-1/
[99] https://trac-ai.iastate.edu/event/adlrg-mini-course-scientific-machine-learning-1/
[100] https://trac-ai.iastate.edu/event/adlrg-mini-course-generative-ai-vision-1/
[101] https://trac-ai.iastate.edu/events/category/courses/list/
[102] https://trac-ai.iastate.edu/events/category/tutorials/list/
[103] https://trac-ai.iastate.edu/fast-trac/services/smart-annotation-and-etl-project/
[104] https://trac-ai.iastate.edu/fast-trac/services/proof-of-concept-projects/
[105] https://trac-ai.iastate.edu/fast-trac/services/industry-bootcamps/
[106] https://trac-ai.iastate.edu/fast-trac/services/hands-on-internship/
[107] https://trac-ai.iastate.edu/fast-trac-student-assistantship/
[108] https://trac-ai.iastate.edu/industry-partners/
[109] https://trac-ai.iastate.edu/fast-trac/contact-us/
[110] https://trac-ai.iastate.edu/events/today/
[111] https://trac-ai.iastate.edu/event/trac-seminar-series-lu-lu-virtual/
[112] https://trac-ai.iastate.edu/events/category/tutorials/month/
[113] https://trac-ai.iastate.edu/events/category/tutorials/today/
[114] https://trac-ai.iastate.edu/events/category/tutorials/2026-09/
[115] https://trac-ai.iastate.edu/events/category/tutorials/2026-11/
[116] https://trac-ai.iastate.edu/events/category/seminars/list/
[117] https://trac-ai.iastate.edu/events/category/seminars/month/
[118] https://trac-ai.iastate.edu/events/category/seminars/today/
[119] https://trac-ai.iastate.edu/events/category/seminars/2026-09/
[120] https://trac-ai.iastate.edu/events/category/seminars/2026-11/
[121] https://trac-ai.iastate.edu/events/category/seminars/day/2026-10-02/
[122] https://trac-ai.iastate.edu/events/category/seminars/day/2026-10-09/
[123] https://trac-ai.iastate.edu/events/category/journalclub/list/
[124] https://trac-ai.iastate.edu/events/category/journalclub/month/
[125] https://trac-ai.iastate.edu/events/category/journalclub/today/
[126] https://trac-ai.iastate.edu/events/category/journalclub/2026-09/
[127] https://trac-ai.iastate.edu/events/category/journalclub/2026-11/
[128] https://trac-ai.iastate.edu/events/category/workshops/list/
[129] https://trac-ai.iastate.edu/events/category/workshops/month/
[130] https://trac-ai.iastate.edu/events/category/workshops/today/
[131] https://trac-ai.iastate.edu/events/category/workshops/2026-09/
[132] https://trac-ai.iastate.edu/events/category/workshops/2026-11/
[133] https://trac-ai.iastate.edu/events/category/courses/month/
[134] https://trac-ai.iastate.edu/events/category/courses/today/
[135] https://trac-ai.iastate.edu/events/category/courses/2026-09/
[136] https://trac-ai.iastate.edu/events/category/courses/2026-11/
[137] https://trac-ai.iastate.edu/events/category/courses/day/2026-10-05/
[138] https://trac-ai.iastate.edu/events/category/courses/day/2026-10-06/
[139] https://trac-ai.iastate.edu/events/category/courses/day/2026-10-07/
[140] https://trac-ai.iastate.edu/events/category/courses/day/2026-10-08/
[141] https://trac-ai.iastate.edu/events/category/courses/day/2026-10-09/
[142] https://trac-ai.iastate.edu/events/category/courses/day/2026-10-10/
[143] https://trac-ai.iastate.edu/events/category/courses/day/2026-10-11/
[144] https://trac-ai.iastate.edu/events/category/courses/day/2026-10-12/
[145] https://trac-ai.iastate.edu/events/category/courses/day/2026-10-13/
[146] https://trac-ai.iastate.edu/events/category/courses/day/2026-10-14/
[147] https://trac-ai.iastate.edu/events/category/courses/day/2026-10-15/
[148] https://trac-ai.iastate.edu/events/category/courses/day/2026-10-16/
[149] https://trac-ai.iastate.edu/events/category/courses/day/2026-10-17/
[150] https://trac-ai.iastate.edu/events/category/courses/day/2026-10-18/
[151] https://trac-ai.iastate.edu/events/category/courses/day/2026-10-19/
[152] https://trac-ai.iastate.edu/events/category/courses/day/2026-10-20/
[153] https://trac-ai.iastate.edu/events/category/courses/day/2026-10-21/
[154] https://trac-ai.iastate.edu/events/category/courses/day/2026-10-22/
[155] https://trac-ai.iastate.edu/events/category/courses/day/2026-10-23/
[156] https://trac-ai.iastate.edu/events/category/courses/day/2026-10-24/
[157] https://trac-ai.iastate.edu/events/category/courses/day/2026-10-25/
[158] https://trac-ai.iastate.edu/events/category/courses/day/2026-10-26/
[159] https://trac-ai.iastate.edu/events/category/courses/day/2026-10-27/
[160] https://trac-ai.iastate.edu/events/category/courses/day/2026-10-28/
[161] https://trac-ai.iastate.edu/events/category/courses/day/2026-10-29/
[162] https://trac-ai.iastate.edu/events/category/courses/day/2026-10-30/
[163] https://trac-ai.iastate.edu/events/category/courses/day/2026-10-31/
[164] https://trac-ai.iastate.edu/events/category/hackathons/list/
[165] https://trac-ai.iastate.edu/events/category/hackathons/month/
[166] https://trac-ai.iastate.edu/events/category/hackathons/today/
[167] https://trac-ai.iastate.edu/events/category/hackathons/2026-09/
[168] https://trac-ai.iastate.edu/events/category/hackathons/2026-11/
[169] https://trac-ai.iastate.edu/event/trac-seminar-yuri-bazilevs/
[170] https://trac-ai.iastate.edu/event/student-journal-club-anirudha-powadi/
[171] https://trac-ai.iastate.edu/event/trac-seminar-series-speaker-tbd/
[172] https://trac-ai.iastate.edu/event/trac-seminar-series-speaker-tbd-2/
[173] https://trac-ai.iastate.edu/event/adlrg-mini-course-3d-vision-3/
[174] https://trac-ai.iastate.edu/event/demystifying-trending-ai-techniques-2/
[175] https://trac-ai.iastate.edu/event/student-journal-club-tbd-4/
[176] https://trac-ai.iastate.edu/event/trac-seminar-series-speaker-tbd-4/
[177] https://trac-ai.iastate.edu/event/qi-li/
[178] https://trac-ai.iastate.edu/event/adlrg-mini-course-scientific-machine-learning-2/
[179] https://trac-ai.iastate.edu/event/dlrg-mini-course-fundamentals-of-deep-learning-2/
[180] https://trac-ai.iastate.edu/event/student-journal-club-tbd-2/
[181] https://trac-ai.iastate.edu/event/dlrg-mini-course-gpu-computing-with-numba-python-2/
[182] https://trac-ai.iastate.edu/event/trac-seminar-series-speaker-tbd-3/
[183] https://trac-ai.iastate.edu/event/dlrg-mini-course-building-transformers-models-for-conversational-ai-tools-2/
[184] https://trac-ai.iastate.edu/event/trac-seminar-series-ce-yang/
[185] https://trac-ai.iastate.edu/events/category/tutorials/day/2026-10-02/
[186] https://trac-ai.iastate.edu/events/category/tutorials/day/2026-10-04/
[187] https://trac-ai.iastate.edu/events/category/tutorials/day/2026-09-01/
[188] https://trac-ai.iastate.edu/events/category/tutorials/2026-08/
[189] https://trac-ai.iastate.edu/events/category/tutorials/2026-10/
[190] https://trac-ai.iastate.edu/events/category/tutorials/day/2026-11-01/
[191] https://trac-ai.iastate.edu/events/category/tutorials/2026-12/
[192] https://trac-ai.iastate.edu/events/category/seminars/day/2026-10-04/
[193] https://trac-ai.iastate.edu/events/category/seminars/day/2026-09-01/
[194] https://trac-ai.iastate.edu/events/category/seminars/2026-08/
[195] https://trac-ai.iastate.edu/events/category/seminars/2026-10/
