img ok https://trac-ai.iastate.edu/files/2023/08/TrACResearchFocus.png
img ok https://trac-ai.iastate.edu/files/2024/10/TrACEducationLogo.png
img ok https://trac-ai.iastate.edu/files/2026/03/Logo-01.jpeg
img ok https://trac-ai.iastate.edu/files/2023/08/bayer-logo.jpg
img ok https://trac-ai.iastate.edu/files/2023/08/corteva-logo.jpg
img ok https://trac-ai.iastate.edu/files/2023/08/deere-logo.jpg
img skipped-svg https://cdn.theme.iastate.edu/img/iastate22/iowa-state-university-logo-with-tagline-sci-tech.svg
img ok https://trac-ai.iastate.edu/files/2023/08/mini-course.png
img ok https://trac-ai.iastate.edu/files/2024/01/SpringMinicourses.png
img ok https://trac-ai.iastate.edu/files/2024/03/3.png
img ok https://www.news.iastate.edu/files/styles/width_limit/public/images/2025-04/baskar648.jpg?itok=trVpT3oH
img ok https://www.news.iastate.edu/files/styles/width_limit/public/images/2025-04/soumik648.jpg?itok=vgB1_0H2
img ok https://img.youtube.com/vi/g-7GcBLIis4/maxresdefault.jpg
img ok https://trac-ai.iastate.edu/files/2023/01/team-fall-2021.png
img ok https://trac-ai.iastate.edu/files/2023/08/soumik.jpg
img ok https://trac-ai.iastate.edu/files/2023/08/baskar.jpg
img ok https://trac-ai.iastate.edu/files/2023/08/adarsh.jpg
img ok https://trac-ai.iastate.edu/files/2023/08/anuj.jpg
img ok https://trac-ai.iastate.edu/files/2023/07/jessica.jpg
img ok https://trac-ai.iastate.edu/files/2024/02/ISU_NewFaculty_155-scaled-e1707332445767.jpg
img ok https://trac-ai.iastate.edu/files/2023/08/abhishekhalder.png
img ok https://trac-ai.iastate.edu/files/2024/02/Anders-PIC-copy.jpeg
img ok https://trac-ai.iastate.edu/files/2023/08/adityar.jpg
img ok https://trac-ai.iastate.edu/files/2023/08/aishwarya.jpg
img ok https://trac-ai.iastate.edu/files/2023/08/ali.jpg
img ok https://trac-ai.iastate.edu/files/2024/10/Tuttle-Prince.jpeg
img ok https://trac-ai.iastate.edu/files/2023/08/anwesha.jpg
img ok https://trac-ai.iastate.edu/files/2023/08/arti.jpg
img ok https://trac-ai.iastate.edu/files/2023/08/danny.jpg
img ok https://trac-ai.iastate.edu/files/2023/08/P1044430.jpg
img ok https://trac-ai.iastate.edu/files/2026/06/Ben-Van-Dusen.jpg
img ok https://trac-ai.iastate.edu/files/2023/08/cassandra.jpg
img ok https://trac-ai.iastate.edu/files/2024/10/chengw_low-resolution.jpg
img ok https://trac-ai.iastate.edu/files/2023/08/cdwu.jpg
img ok https://trac-ai.iastate.edu/files/2023/08/chong.jpg
img ok https://trac-ai.iastate.edu/files/2023/08/cody.jpg
img ok https://trac-ai.iastate.edu/files/2023/08/dan.jpg
img ok https://trac-ai.iastate.edu/files/2023/08/duane.jpg
img ok https://trac-ai.iastate.edu/files/2023/08/eliot.jpg
img ok https://trac-ai.iastate.edu/files/2023/08/eric.jpg
img ok https://trac-ai.iastate.edu/files/2024/10/eric-sm.jpg
img ok https://trac-ai.iastate.edu/files/2023/08/hailiang.jpg
img ok https://trac-ai.iastate.edu/files/2023/08/hongwei.jpg
img ok https://trac-ai.iastate.edu/files/2023/08/iddo.jpg
img ok https://trac-ai.iastate.edu/files/2023/08/inho.jpg
img ok https://trac-ai.iastate.edu/files/2023/08/james.jpg
img ok https://trac-ai.iastate.edu/files/2023/08/janette.jpg
img ok https://trac-ai.iastate.edu/files/2023/08/jennifer.jpg
img ok https://trac-ai.iastate.edu/files/2023/08/jin.jpg
img ok https://trac-ai.iastate.edu/files/2023/08/juan.jpg
img ok https://trac-ai.iastate.edu/files/2023/08/jue.jpg
img ok https://trac-ai.iastate.edu/files/2023/08/julie.jpg
img ok https://trac-ai.iastate.edu/files/2024/04/headshot_Jundi-scaled-e1713561560123.jpg
img ok https://trac-ai.iastate.edu/files/2023/08/karl.jpg
img ok https://trac-ai.iastate.edu/files/2024/02/kscheibe.jpg
img ok https://trac-ai.iastate.edu/files/2023/08/kristin.jpg
img ok https://trac-ai.iastate.edu/files/2023/08/matthew.jpg
img ok https://trac-ai.iastate.edu/files/2024/02/photo_hsu-1-225x300-1.jpg
img ok https://trac-ai.iastate.edu/files/2024/04/MuslumIlgu_photo.png
img ok https://trac-ai.iastate.edu/files/2023/08/namrata.jpg
img ok https://trac-ai.iastate.edu/files/2023/08/nigel.jpg
img ok https://trac-ai.iastate.edu/files/2023/08/priyanka.jpg
img ok https://trac-ai.iastate.edu/files/2024/02/QiAn.png
img ok https://trac-ai.iastate.edu/files/2023/08/qli.jpg
img ok https://trac-ai.iastate.edu/files/2023/08/ratul.jpg
img ok https://trac-ai.iastate.edu/files/2024/02/Untitled-e1707332406787.jpg
img ok https://trac-ai.iastate.edu/files/2024/04/Banerjiforweb-scaled-e1713561403113.jpg
img ok https://trac-ai.iastate.edu/files/2023/08/rizia.jpg
img ok https://trac-ai.iastate.edu/files/2024/03/Robbyn-Headshot-Keo.jpg
img ok https://trac-ai.iastate.edu/files/2024/04/1-Copy.jpg
img ok https://trac-ai.iastate.edu/files/2025/03/Saikat-Mukherjee.jpg
img ok https://trac-ai.iastate.edu/files/2023/08/sarah.jpg
img ok https://trac-ai.iastate.edu/files/2023/08/shana.jpg
img ok https://trac-ai.iastate.edu/files/2023/08/shawn.jpg
img ok https://trac-ai.iastate.edu/files/2023/08/simon.jpg
img ok https://trac-ai.iastate.edu/files/2023/08/sree.jpg
img ok https://trac-ai.iastate.edu/files/2023/08/nok.jpg
img ok https://trac-ai.iastate.edu/files/2025/01/Tuhin-Mukherjee.jpg
img ok https://trac-ai.iastate.edu/files/2023/08/ulrike.jpg
img ok https://trac-ai.iastate.edu/files/2024/02/weile_0-180x222-1.jpg
img ok https://trac-ai.iastate.edu/files/2024/02/wtzhang.jpg
img ok https://trac-ai.iastate.edu/files/2025/01/Wenjie-Xia.jpeg
img ok https://trac-ai.iastate.edu/files/2024/02/Clipboard01.jpg
img ok https://trac-ai.iastate.edu/files/2023/08/leah.jpg
img ok https://trac-ai.iastate.edu/files/2025/12/Zhu2025.jpg
img ok https://trac-ai.iastate.edu/files/2025/08/Evrim-Baran-Picture.jpg
img ok https://trac-ai.iastate.edu/files/2025/12/569A9996.jpg
img ok https://trac-ai.iastate.edu/files/2025/12/DSC02565111-2.jpg
img ok https://trac-ai.iastate.edu/files/2026/07/Kim_-Jeong-Hee_1MB-1.jpeg
img ok https://trac-ai.iastate.edu/files/2026/07/Rice-Headshot-23-Cropped.jpg
img ok https://trac-ai.iastate.edu/files/2026/07/Yang-Du.jpg
img ok https://trac-ai.iastate.edu/files/2025/03/AdobeStock_323829966-1.jpeg
img ok https://trac-ai.iastate.edu/files/2025/03/icons8-us-capitol-64.png
img ok https://trac-ai.iastate.edu/files/2025/03/icons8-receive-dollar-64.png
img ok https://trac-ai.iastate.edu/files/2023/08/TrACResearchFocus-e1777489869333.png
img ok https://trac-ai.iastate.edu/files/2023/08/IndustryNexus.png
img ok https://trac-ai.iastate.edu/files/2023/08/smartannotation-1.png
img ok https://trac-ai.iastate.edu/files/2023/08/ProofOfConcept.jpg
img ok https://trac-ai.iastate.edu/files/2023/08/bootcamps.png
img ok https://trac-ai.iastate.edu/files/2023/08/internship.png
img failed https://d3gt1urn7320t9.cloudfront.net/library-v3/section-aspire-call-to-action-1/8118cc291026.jpeg
img failed https://d3gt1urn7320t9.cloudfront.net/library-v3/section-wireframes-image-gallery-2/ff3702460345.png
img ok https://trac-ai.iastate.edu/files/2024/02/REU_logo-no-background-.png
img ok https://trac-ai.iastate.edu/files/2023/08/TrACResearchFocus-e1692643106818.png
img ok https://trac-ai.iastate.edu/files/2024/12/REU-AMES.jpg
img ok https://trac-ai.iastate.edu/files/2024/12/REU-ALL-EDIT.jpg
img ok https://trac-ai.iastate.edu/files/2024/12/REU-PICNIC-EDIT.jpg
img ok https://trac-ai.iastate.edu/files/2024/12/CAPITOL-EDIT.jpg
img ok https://trac-ai.iastate.edu/files/2024/02/Stipend-1-.png
img ok https://trac-ai.iastate.edu/files/2024/02/Housing-1-.png
img ok https://trac-ai.iastate.edu/files/2024/02/Meals-1.png
img ok https://trac-ai.iastate.edu/files/2024/02/Travel-1-.png
img failed https://storage.googleapis.com/stackable-plugin-assets/library-v3/section-dare-feature-3/f9dfeacb6d1f.png
img skipped-svg https://trac-ai.iastate.edu/wp-content/plugins/gravityforms/images/list-add.svg
img skipped-svg https://trac-ai.iastate.edu/wp-content/plugins/gravityforms/images/list-remove.svg
img ok https://trac-ai.iastate.edu/files/2026/09/pexels-kampus-5940721.jpg
img ok https://trac-ai.iastate.edu/files/2024/10/Pathways-Example_TrAC-1.png
img ok https://trac-ai.iastate.edu/files/2023/08/Gagne-Melissa-2-scaled-e1711986598516.jpg
img ok https://trac-ai.iastate.edu/files/2023/10/thumbnail_IMG_5256.jpg
img ok https://trac-ai.iastate.edu/files/2023/11/biographic.jpg
img ok https://trac-ai.iastate.edu/files/2023/12/Profile-Pic.jpg
img ok https://trac-ai.iastate.edu/files/2025/08/Trac_headshot.jpg
img ok https://trac-ai.iastate.edu/files/2026/09/Joshua-Waite.jpg
img ok https://trac-ai.iastate.edu/wp-content/plugins/the-events-calendar/src/resources/images/tribe-loading.gif
img ok https://trac-ai.iastate.edu/files/2026/07/headshot_official.jpeg
img ok https://trac-ai.iastate.edu/files/2026/07/LuLu2023_square.jpg
img ok https://trac-ai.iastate.edu/files/2023/08/Qi_02032023-1-pdf.jpg
img ok https://trac-ai.iastate.edu/files/2026/08/profile-photo-1.jpeg
img ok https://trac-ai.iastate.edu/files/2026/07/2026bookshelf.png
img ok https://trac-ai.iastate.edu/files/2023/11/TrAC_Anders_11172023.jpg
img ok https://trac-ai.iastate.edu/files/2026/05/2337-Sakar_IACT_Logo_FINAL.png
img ok https://trac-ai.iastate.edu/files/2024/04/Abhishek_04212023-pdf.jpg
img ok https://trac-ai.iastate.edu/files/2024/04/Michael_04142023-pdf.jpg
img ok https://trac-ai.iastate.edu/files/2026/04/AliciaMarch22-4.jpg
img ok https://trac-ai.iastate.edu/files/2026/04/GuanYong.jpg
img ok https://trac-ai.iastate.edu/files/2024/04/Simon_03312023.jpg
img ok https://trac-ai.iastate.edu/files/2023/08/Sean_03022023-1-pdf.jpg
img ok https://trac-ai.iastate.edu/files/2026/01/Photo_Bahador.jpg
img ok https://trac-ai.iastate.edu/files/2023/08/Chandra_02242023-1-pdf.jpg
img ok https://trac-ai.iastate.edu/files/2026/01/image-3.png
img duplicate https://trac-ai.iastate.edu/files/2026/02/Yang-Du.jpg
img ok https://trac-ai.iastate.edu/files/2024/02/carrie_alexander.jpg
img ok https://trac-ai.iastate.edu/files/2023/08/Amir_02172023-1-pdf.jpg
img ok https://trac-ai.iastate.edu/files/2026/01/Chenhui-Shao.jpg
img ok https://trac-ai.iastate.edu/files/2025/08/Shdhir.jpeg
img ok https://trac-ai.iastate.edu/files/2025/08/daniele_schiavazzi_medium.jpg
img ok https://trac-ai.iastate.edu/files/2024/02/Dylan_Shah-1.jpg
img ok https://trac-ai.iastate.edu/files/2025/09/YL.jpg
img ok https://trac-ai.iastate.edu/files/2023/08/Priyanka_11182022-1-pdf.jpg
img ok https://trac-ai.iastate.edu/files/2025/08/image-dkj.jpg
img ok https://trac-ai.iastate.edu/files/2023/08/AdityaR_11042022-1-pdf.jpg
img ok https://trac-ai.iastate.edu/files/2024/02/risbeck_photo.jpg
img ok https://trac-ai.iastate.edu/files/2025/10/wenjie_xia.jpg
img ok https://trac-ai.iastate.edu/files/2023/08/Ratul_10212022-1-pdf.jpg
img ok https://trac-ai.iastate.edu/files/2024/02/FastTrAC-Tie-Ins-Powered-by-COLTIE.jpg
img ok https://trac-ai.iastate.edu/files/2025/08/ryan_truby.jpg
img ok https://trac-ai.iastate.edu/files/2024/01/DALL·E-Feb-5-Create-diverse-farmers-scene.jpeg
img ok https://trac-ai.iastate.edu/files/2024/01/madhu.jpeg
img ok https://trac-ai.iastate.edu/files/2024/01/RonDuncan.jpeg
img ok https://trac-ai.iastate.edu/files/2023/08/Nok_10072022-1-pdf.jpg
img ok https://trac-ai.iastate.edu/files/2025/08/debanjan_mukherjee2_portrait.avif
img ok https://trac-ai.iastate.edu/files/2023/08/Henri_09232022-1-pdf.jpg
img ok https://trac-ai.iastate.edu/files/2024/02/Picture1.jpg
img ok https://lh7-rt.googleusercontent.com/docsz/AD_4nXc8VqV9TPnAhBtzdy_aYJy-kCcWP1o500erwJ8KiB4yExmPOUjfCw4r-JpNoNFizZZzqQUljaI6TBwXrsxVKiXFB8LtiKvhM-NvoU8QDJTnYsmu5Gild-on7MhL954K0rVu--_R97hZE0mfav1WTgk?key=ste9Djy7fzLtxEZhRxJM1A
img ok https://trac-ai.iastate.edu/files/2023/08/Hailiang_09092022-1-pdf.jpg
img ok https://trac-ai.iastate.edu/files/2024/03/selfyue.jpg
img ok https://trac-ai.iastate.edu/files/2023/08/Demystifying-Trending-AI-Techniques-2-pdf.jpg
img ok https://trac-ai.iastate.edu/files/2024/12/JessicaZhang.jpeg
img failed https://trac-ai.iastate.edu/images/workshops/sciml2022/avatar.jpg
img failed https://trac-ai.iastate.edu/images/workshops/sciml2022/George-Karniadakis.jpg
img failed https://trac-ai.iastate.edu/images/workshops/sciml2022/Tarasankar-DebRoy.jpg
img failed https://trac-ai.iastate.edu/images/workshops/sciml2022/Jan-Drgona.jpg
img failed https://trac-ai.iastate.edu/images/workshops/sciml2022/Levon-Nurbekyan.jpg
img failed https://trac-ai.iastate.edu/images/workshops/sciml2022/Rose-Yu.jpg
img failed https://trac-ai.iastate.edu/images/workshops/sciml2022/Baskar.jpg
img failed https://trac-ai.iastate.edu/images/workshops/sciml2022/Krithika-Manohar.jpg
img failed https://trac-ai.iastate.edu/images/workshops/sciml2022/Pratyush-Tiwary.jpg
img ok https://trac-ai.iastate.edu/files/2023/08/TrAC_Volkan_04152022-1-pdf.jpg
img ok https://trac-ai.iastate.edu/files/2024/03/DSC00809.jpg
img ok https://trac-ai.iastate.edu/files/2025/02/Catie-Chang_sq.jpg
img ok https://trac-ai.iastate.edu/files/2025/02/goyal_16489.jpg
img ok https://img.icons8.com/metro/64/calendar-16.png
img failed https://maps.app.goo.gl/ZNNnXL57VdZo4wrh8
img ok https://trac-ai.iastate.edu/files/2024/03/PrincipalPadded.png
img ok https://trac-ai.iastate.edu/files/2025/01/thumbnail_headshot_Jundi.png
img ok https://trac-ai.iastate.edu/files/2023/08/TrAC_Shayok_04012022-1-pdf.jpg
img ok https://trac-ai.iastate.edu/files/2025/02/Subbarao-Kambhampati-1.jpg
img ok https://trac-ai.iastate.edu/files/2025/01/lindsey_raymond.png
img ok https://trac-ai.iastate.edu/files/2024/03/biros.jpg
img ok https://trac-ai.iastate.edu/files/2025/01/Picture1.jpg
img ok https://trac-ai.iastate.edu/files/2024/10/Ashis-Banerjee-Low-Res.jpg
img ok https://trac-ai.iastate.edu/files/2024/04/thumbnail_Iro1.jpg
img ok https://trac-ai.iastate.edu/files/2024/10/thumbnail_krishna-web.jpg
img ok https://trac-ai.iastate.edu/files/2024/10/mo.jpg
img ok https://trac-ai.iastate.edu/files/2024/09/Picture1.png
img ok https://trac-ai.iastate.edu/files/2024/04/1557527324404.jpg
img ok https://trac-ai.iastate.edu/files/2024/09/haifeng_xu.jpg
img ok https://trac-ai.iastate.edu/files/2024/04/Jinlong_WU-website.png
images ok 181 failures 13 bytes 167408570
